
> visactor-next-template@0.1.0 build
> next build

   Γû▓ Next.js 15.5.9
   - Environments: .env.local

   Creating an optimized production build ...
node.exe : 
At line:1 char:1
+ & "C:\Program Files\nodejs/node.exe" "C:\Program Files\nodejs/node_mo ...
+ ~~~~~~~~~~~~~~~~~~~~~~~~~~~~~~~~~~~~~~~~~~~~~~~~~~~~~~~~~~~~~~~~~~~~~
    + CategoryInfo          : NotSpecified: (:String) [], RemoteException
    + FullyQualifiedErrorId : NativeCommandError
 
[1m[33mwarn[39m[22m - The class `ease-[cubic-bezier(0.23,1,0.32,1)]` is ambiguous and matches multiple utilities.
[1m[33mwarn[39m[22m - If this is content and not a class, replace it with `ease-&lsqb;cubic-bezier(0.23,1,0.32,1)&rsqb;` to silence this warning.
 Γ£ô Compiled successfully in 20.4s
   Linting and checking validity of types ...
   Collecting page data ...
   Generating static pages (0/25) ...
   Generating static pages (6/25) 
   Generating static pages (12/25) 
   Generating static pages (18/25) 
 Γ£ô Generating static pages (25/25)
   Finalizing page optimization ...
   Collecting build traces ...

Route (app)                                 Size  First Load JS
Γöî Γùï /                                     543 kB         694 kB
Γö£ Γùï /_not-found                            997 B         103 kB
Γö£ ╞Æ /api/asset-requests                    182 B         102 kB
Γö£ ╞Æ /api/asset-requests/[id]               182 B         102 kB
Γö£ ╞Æ /api/assets/[section]                  182 B         102 kB
Γö£ ╞Æ /api/assets/import                     182 B         102 kB
Γö£ ╞Æ /api/assets/import/sample              182 B         102 kB
Γö£ ╞Æ /api/assets/summary                    182 B         102 kB
Γö£ ╞Æ /api/auth/login                        182 B         102 kB
Γö£ ╞Æ /api/auth/logout                       182 B         102 kB
Γö£ ╞Æ /api/auth/me                           182 B         102 kB
Γö£ ╞Æ /api/auth/register                     182 B         102 kB
Γö£ ╞Æ /api/auth/verify-otp                   182 B         102 kB
Γö£ ╞Æ /api/notifications                     182 B         102 kB
Γö£ ╞Æ /api/notifications/stream              182 B         102 kB
Γö£ ╞Æ /api/office-assets/[section]           182 B         102 kB
Γö£ ╞Æ /api/office-assets/summary             182 B         102 kB
Γö£ ╞Æ /api/tickets                           182 B         102 kB
Γö£ ╞Æ /api/tickets/[id]                      182 B         102 kB
Γö£ ╞Æ /api/tickets/history                   182 B         102 kB
Γö£ ╞Æ /api/users/it-associates               182 B         102 kB
Γö£ Γùï /assets                                182 B         207 kB
Γö£ Γùï /firstAuth                           3.15 kB         275 kB
Γö£ Γùï /login                               3.37 kB         276 kB
Γö£ Γùï /office-assets                       5.06 kB         212 kB
Γö£ Γùï /register                            5.99 kB         275 kB
Γöö Γùï /ticket                               104 kB         215 kB
+ First Load JS shared by all             102 kB
  Γö£ chunks/1705473d-46dfd695f3111ed3.js  54.2 kB
  Γö£ chunks/4659-4a04a5d707099588.js      45.7 kB
  Γöö other shared chunks (total)          2.01 kB


╞Æ Middleware                             39.6 kB

Γùï  (Static)   prerendered as static content
╞Æ  (Dynamic)  server-rendered on demand

